// Jest Snapshot v1, https://goo.gl/fbAQLP

exports[`ArtboardComponent should match snapshot 1`] = `
<app-artboard
  artboard={[Function _ElementRef]}
  images={[Function Function]}
  selectedFile={[Function Function]}
  selectedWidget={[Function Function]}
  widgetStore={[Function Object]}
>
  <section
    class="artboard"
  >
    <button
      class="artboard-backdrop"
    />
    <div
      cdkdrag=""
      cdkdragboundary=".artboard"
      class="cdk-drag artboard-widget-wrapper"
      style="top: 150px; left: 150px;"
    >
      <button
        class="artboard-widget selected"
        style="transform: rotate(0deg) scale(1); height: 300px;"
      >
        <img
          alt="image-name"
          src="image-src"
          style="filter: brightness(1) blur(0px) sepia(0) grayscale(0) contrast(1);"
        />
        <button
          class="artboard-widget-action artboard-widget-move"
        >
          <app-icon
            iconname="move"
          >
            <div
              class="icon"
            >
              <svg
                class="feather feather-move"
                fill="none"
                height="24"
                stroke="currentColor"
                stroke-linecap="round"
                stroke-linejoin="round"
                stroke-width="2"
                viewBox="0 0 24 24"
                width="24"
                xmlns="http://www.w3.org/2000/svg"
              >
                <polyline
                  points="5 9 2 12 5 15"
                />
                <polyline
                  points="9 5 12 2 15 5"
                />
                <polyline
                  points="15 19 12 22 9 19"
                />
                <polyline
                  points="19 9 22 12 19 15"
                />
                <line
                  x1="2"
                  x2="22"
                  y1="12"
                  y2="12"
                />
                <line
                  x1="12"
                  x2="12"
                  y1="2"
                  y2="22"
                />
              </svg>
            </div>
          </app-icon>
        </button>
      </button>
    </div>
  </section>
</app-artboard>
`;
